\BOOKMARK [0][-]{section*.1}{\376\377\000C\000o\000n\000t\000e\000n\000i\000d\000o}{}% 1
\BOOKMARK [0][-]{section*.3}{\376\377\000L\000i\000s\000t\000a\000\040\000d\000e\000\040\000f\000i\000g\000u\000r\000a\000s}{}% 2
\BOOKMARK [0][-]{chapter.1}{\376\377\000I\000n\000t\000r\000o\000d\000u\000c\000c\000i\000\363\000n}{}% 3
\BOOKMARK [0][-]{chapter.2}{\376\377\000D\000e\000s\000a\000r\000r\000o\000l\000l\000o\000\040\000E\000x\000p\000e\000r\000i\000m\000e\000n\000t\000a\000l}{}% 4
\BOOKMARK [1][-]{section.2.1}{\376\377\000C\000u\000e\000s\000t\000i\000\363\000n\000\040\0001\000:\000\040\000I\000d\000e\000n\000t\000i\000f\000i\000c\000a\000c\000i\000\363\000n\000\040\000d\000e\000\040\000l\000a\000\040\000G\000P\000U}{chapter.2}% 5
\BOOKMARK [2][-]{subsection.2.1.1}{\376\377\000A\000n\000\341\000l\000i\000s\000i\000s\000\040\000d\000e\000\040\000l\000a\000\040\000h\000e\000r\000r\000a\000m\000i\000e\000n\000t\000a\000\040\000d\000e\000v\000i\000c\000e\000Q\000u\000e\000r\000y}{section.2.1}% 6
\BOOKMARK [2][-]{subsection.2.1.2}{\376\377\000R\000e\000s\000u\000l\000t\000a\000d\000o\000s\000\040\000d\000e\000\040\000e\000j\000e\000c\000u\000c\000i\000\363\000n}{section.2.1}% 7
\BOOKMARK [2][-]{subsection.2.1.3}{\376\377\000R\000e\000s\000u\000m\000e\000n\000\040\000d\000e\000\040\000c\000a\000r\000a\000c\000t\000e\000r\000\355\000s\000t\000i\000c\000a\000s}{section.2.1}% 8
\BOOKMARK [1][-]{section.2.2}{\376\377\000C\000u\000e\000s\000t\000i\000\363\000n\000\040\0002\000:\000\040\000A\000n\000\341\000l\000i\000s\000i\000s\000\040\000d\000e\000\040\000A\000n\000c\000h\000o\000\040\000d\000e\000\040\000B\000a\000n\000d\000a}{chapter.2}% 9
\BOOKMARK [2][-]{subsection.2.2.1}{\376\377\000D\000e\000s\000c\000r\000i\000p\000c\000i\000\363\000n\000\040\000d\000e\000l\000\040\000e\000x\000p\000e\000r\000i\000m\000e\000n\000t\000o}{section.2.2}% 10
\BOOKMARK [2][-]{subsection.2.2.2}{\376\377\000R\000e\000s\000u\000l\000t\000a\000d\000o\000s\000\040\000g\000r\000\341\000f\000i\000c\000o\000s}{section.2.2}% 11
\BOOKMARK [2][-]{subsection.2.2.3}{\376\377\000A\000n\000\341\000l\000i\000s\000i\000s\000\040\000c\000u\000a\000n\000t\000i\000t\000a\000t\000i\000v\000o}{section.2.2}% 12
\BOOKMARK [2][-]{subsection.2.2.4}{\376\377\000D\000i\000s\000c\000u\000s\000i\000\363\000n}{section.2.2}% 13
\BOOKMARK [1][-]{section.2.3}{\376\377\000C\000u\000e\000s\000t\000i\000\363\000n\000\040\0003\000:\000\040\000A\000n\000\341\000l\000i\000s\000i\000s\000\040\000d\000e\000l\000\040\000p\000r\000o\000g\000r\000a\000m\000a\000\040\000c\000u\000d\000a\000T\000e\000m\000p\000l\000a\000t\000e}{chapter.2}% 14
\BOOKMARK [2][-]{subsection.2.3.1}{\376\377\0003\000.\000a\000\051\000\040\000F\000u\000n\000c\000i\000o\000n\000a\000l\000i\000d\000a\000d\000\040\000y\000\040\000l\000\363\000g\000i\000c\000a\000\040\000d\000e\000l\000\040\000k\000e\000r\000n\000e\000l}{section.2.3}% 15
\BOOKMARK [2][-]{subsection.2.3.2}{\376\377\0003\000.\000b\000\051\000\040\000G\000e\000s\000t\000i\000\363\000n\000\040\000d\000e\000\040\000m\000e\000m\000o\000r\000i\000a\000\040\000c\000o\000m\000p\000a\000r\000t\000i\000d\000a}{section.2.3}% 16
\BOOKMARK [2][-]{subsection.2.3.3}{\376\377\0003\000.\000c\000\051\000\040\000S\000i\000n\000c\000r\000o\000n\000i\000z\000a\000c\000i\000\363\000n}{section.2.3}% 17
\BOOKMARK [2][-]{subsection.2.3.4}{\376\377\0003\000.\000d\000\051\000\040\000S\000o\000p\000o\000r\000t\000e\000\040\000p\000a\000r\000a\000\040\000b\000l\000o\000q\000u\000e\000s\000\040\000t\000r\000i\000d\000i\000m\000e\000n\000s\000i\000o\000n\000a\000l\000e\000s}{section.2.3}% 18
\BOOKMARK [0][-]{chapter.3}{\376\377\000C\000u\000e\000s\000t\000i\000\363\000n\000\040\0004\000:\000\040\000A\000n\000\341\000l\000i\000s\000i\000s\000\040\000d\000e\000\040\000R\000e\000n\000d\000i\000m\000i\000e\000n\000t\000o\000\040\000e\000n\000\040\000S\000u\000m\000a\000\040\000d\000e\000\040\000V\000e\000c\000t\000o\000r\000e\000s}{}% 19
\BOOKMARK [1][-]{section.3.1}{\376\377\0004\000.\000a\000\051\000\040\000T\000i\000e\000m\000p\000o\000s\000\040\000d\000e\000\040\000e\000j\000e\000c\000u\000c\000i\000\363\000n\000\040\000y\000\040\000e\000s\000c\000a\000l\000a\000b\000i\000l\000i\000d\000a\000d}{chapter.3}% 20
\BOOKMARK [1][-]{section.3.2}{\376\377\0004\000.\000b\000\051\000\040\000I\000m\000p\000l\000e\000m\000e\000n\000t\000a\000c\000i\000\363\000n\000\040\000d\000e\000l\000\040\000K\000e\000r\000n\000e\000l}{chapter.3}% 21
\BOOKMARK [1][-]{section.3.3}{\376\377\0004\000.\000c\000\051\000\040\000D\000i\000m\000e\000n\000s\000i\000o\000n\000a\000m\000i\000e\000n\000t\000o\000\040\000d\000e\000l\000\040\000G\000r\000i\000d}{chapter.3}% 22
\BOOKMARK [1][-]{section.3.4}{\376\377\0004\000.\000d\000\051\000\040\000I\000n\000f\000l\000u\000e\000n\000c\000i\000a\000\040\000d\000e\000l\000\040\000W\000a\000r\000p\000\040\000e\000n\000\040\000e\000l\000\040\000R\000e\000n\000d\000i\000m\000i\000e\000n\000t\000o}{chapter.3}% 23
